// Jest Snapshot v1, https://goo.gl/fbAQLP

exports[`CustomersTable component matches snapshot 1`] = `
<div>
  <div
    className="panel panel-default"
  >
    <table
      className="table table-responsive table-striped table-hover"
    >
      <thead>
        <tr>
          <th>
            Name
          </th>
          <th>
            Email
          </th>
          <th>
            Created At
          </th>
          <th
            className="hidden-xs hidden-sm"
          >
            Action
          </th>
        </tr>
      </thead>
      <tbody>
        <tr>
          <td
            className="text-center"
            colSpan="4"
          >
            <h3>
              No Customers Found
            </h3>
          </td>
        </tr>
      </tbody>
    </table>
  </div>
  <div
    className="text-center"
  >
    <div>
      <div
        className="container-fluid"
      >
        <ul
          className="pagination"
        >
          <li
            className="disabled"
          >
            <a
              onClick={[Function]}
              role="button"
            >
              «
            </a>
          </li>
          <li
            className="active"
          >
            <a
              onClick={[Function]}
              role="button"
            >
              1
            </a>
          </li>
          <li
            className=""
          >
            <a
              onClick={[Function]}
              role="button"
            >
              2
            </a>
          </li>
          <li
            className=""
          >
            <a
              disabled={false}
              onClick={[Function]}
              role="button"
            >
              »
            </a>
          </li>
        </ul>
      </div>
      <div
        className="container-fluid"
      >
        Showing Results 
        1
         - 
        10
      </div>
    </div>
  </div>
</div>
`;
